// Jest Snapshot v1, https://goo.gl/fbAQLP

exports[`Testing al cliente Es Tomas Garnero 1`] = `
{
  "balance": 500,
  "nombre": "Tomas Garnero 2",
  "tipo": "Premium",
}
`;
